---
source: src/app/cli.rs
assertion_line: 623
expression: help
---
Harness CLI

Usage: harness [OPTIONS] <COMMAND>

Commands:
  hook           Run a harness hook for a skill
  run            Suite:run commands grouped by domain
  authoring      Suite:new commands grouped by domain
  setup          Setup and session lifecycle commands
  session-start  Handle session start hook
  session-stop   Handle session stop cleanup
  pre-compact    Save compact handoff before compaction
  observe        Observe and classify Claude Code session logs
  help           Print this message or the help of the given subcommand(s)

Options:
      --delay <DELAY>  Seconds to wait before executing the command. Accepts fractional values (e.g. 0.5). Use instead of `sleep N && harness ...` [default: 0]
  -h, --help           Print help
  -V, --version        Print version
